PHPUnit 11.5.48 by Sebastian Bergmann and contributors.

Runtime:       PHP 8.2.4
Configuration: D:\All Project\RealProject\CodeVault\phpunit.xml

.F..FFF..                                                           9 / 9 (100%)

Time: 00:00.417, Memory: 48.00 MB

There were 4 failures:

1) Tests\Feature\AdminLicenseCodeTest::test_generate_codes_creates_db_rows_and_returns_csv
Failed asserting that table [license_codes] matches expected entries count of 10. Entries found: 0.
.

D:\All Project\RealProject\CodeVault\vendor\laravel\framework\src\Illuminate\Foundation\Testing\Concerns\InteractsWithDatabase.php:94
D:\All Project\RealProject\CodeVault\tests\Feature\AdminLicenseCodeTest.php:30

2) Tests\Feature\RedeemLicenseCodeTest::test_successful_redemption_with_active_code
Expected response status code [200] but received 400.
Failed asserting that 400 is identical to 200.

D:\All Project\RealProject\CodeVault\vendor\laravel\framework\src\Illuminate\Testing\TestResponseAssert.php:45
D:\All Project\RealProject\CodeVault\vendor\laravel\framework\src\Illuminate\Testing\TestResponse.php:174
D:\All Project\RealProject\CodeVault\tests\Feature\RedeemLicenseCodeTest.php:29

3) Tests\Feature\RedeemLicenseCodeTest::test_successful_redemption_with_redeemed_code_same_device
Expected response status code [200] but received 400.
Failed asserting that 400 is identical to 200.

D:\All Project\RealProject\CodeVault\vendor\laravel\framework\src\Illuminate\Testing\TestResponseAssert.php:45
D:\All Project\RealProject\CodeVault\vendor\laravel\framework\src\Illuminate\Testing\TestResponse.php:174
D:\All Project\RealProject\CodeVault\tests\Feature\RedeemLicenseCodeTest.php:57

4) Tests\Feature\RedeemLicenseCodeTest::test_failed_redemption_device_mismatch
Expected response status code [403] but received 400.
Failed asserting that 400 is identical to 403.

D:\All Project\RealProject\CodeVault\vendor\laravel\framework\src\Illuminate\Testing\TestResponseAssert.php:45
D:\All Project\RealProject\CodeVault\vendor\laravel\framework\src\Illuminate\Testing\TestResponse.php:174
D:\All Project\RealProject\CodeVault\tests\Feature\RedeemLicenseCodeTest.php:76

FAILURES!
Tests: 9, Assertions: 20, Failures: 4.
